Initial chunk files | Names                     |  Raw size
styles.css          | styles                    | 735.48 kB | 
polyfills.js        | polyfills                 |  88.09 kB | 
main.js             | main                      |  23.76 kB | 
chunk-P22VZGJM.js   | -                         |   5.48 kB | 
chunk-OYAQZ2GH.js   | -                         |   1.53 kB | 
chunk-SHAOKUVO.js   | -                         | 938 bytes | 
chunk-5O5BLJEN.js   | -                         | 256 bytes | 
chunk-H7IPDY5L.js   | -                         | 183 bytes | 

                    | Initial total             | 855.69 kB

Lazy chunk files    | Names                     |  Raw size
chunk-JAAEHU77.js   | visit-detail-component    | 109.92 kB | 
chunk-FXKAE65H.js   | -                         |  76.59 kB | 
chunk-A2NS5R6R.js   | visit-form-component      |  67.63 kB | 
chunk-ES543J54.js   | plan-list-component       |  48.76 kB | 
chunk-F2EP7FJU.js   | teacher-profile-component |  48.32 kB | 
chunk-XPMDPM24.js   | plan-detail-component     |  48.06 kB | 
chunk-7GUPVKY3.js   | complaints-list-component |  42.06 kB | 
chunk-4VWMA66T.js   | shell-component           |  35.00 kB | 
chunk-EBKQJC4P.js   | schools-list-component    |  32.67 kB | 
chunk-ICUO2Z4O.js   | school-login-component    |  29.85 kB | 
chunk-AP3EFYTV.js   | user-form-component       |  29.78 kB | 
chunk-DUVQ4FJY.js   | school-form-component     |  29.38 kB | 
chunk-FHUBZX2B.js   | users-list-component      |  29.09 kB | 
chunk-NOW2QVOU.js   | report-preview-component  |  28.13 kB | 
chunk-MELXC5TJ.js   | visits-list-component     |  27.36 kB | 
...and 25 more lazy chunks files. Use "--verbose" to show all the files.

Application bundle generation complete. [7.205 seconds]

Watch mode enabled. Watching for file changes...
  ➜  Local:   http://localhost:4200/
  ➜  Network: http://172.21.192.1:4200/
  ➜  Network: http://192.168.0.100:4200/
  ➜  Network: http://172.26.0.1:4200/
Initial chunk files | Names                | Raw size
main.js             | main                 | 23.76 kB | 

Lazy chunk files    | Names                | Raw size
chunk-YAT53FXO.js   | attendance-component | 20.16 kB | 

Application bundle generation complete. [0.977 seconds]

Page reload sent to client(s).
Initial chunk files | Names                |  Raw size
styles.css          | styles               | 735.48 kB | 
main.js             | main                 |  23.76 kB | 

Lazy chunk files    | Names                |  Raw size
chunk-KKZX523V.js   | attendance-component |  23.17 kB | 

Application bundle generation complete. [3.281 seconds]

Page reload sent to client(s).
٧:١٣:٣٤ م [vite] ✨ new dependencies optimized: primeng/checkbox
٧:١٣:٣٤ م [vite] ✨ optimized dependencies changed. reloading
Initial chunk files | Names                | Raw size
main.js             | main                 | 23.76 kB | 

Lazy chunk files    | Names                | Raw size
chunk-TWOYLXZC.js   | attendance-component | 23.09 kB | 

Application bundle generation complete. [0.672 seconds]

Page reload sent to client(s).
Initial chunk files | Names                | Raw size
main.js             | main                 | 23.76 kB | 

Lazy chunk files    | Names                | Raw size
chunk-D35CNBVM.js   | attendance-component | 22.33 kB | 

Application bundle generation complete. [0.631 seconds]

Page reload sent to client(s).
Initial chunk files | Names                | Raw size
main.js             | main                 | 23.76 kB | 

Lazy chunk files    | Names                | Raw size
chunk-IH35L7ID.js   | attendance-component | 22.38 kB | 

Application bundle generation complete. [0.407 seconds]

Page reload sent to client(s).
Initial chunk files | Names                | Raw size
main.js             | main                 | 23.76 kB | 

Lazy chunk files    | Names                | Raw size
chunk-YOOL4FTK.js   | attendance-component | 23.66 kB | 

Application bundle generation complete. [1.289 seconds]

Page reload sent to client(s).
Initial chunk files | Names                | Raw size
main.js             | main                 | 23.76 kB | 

Lazy chunk files    | Names                | Raw size
chunk-Y5TFD2DV.js   | attendance-component | 23.73 kB | 

Application bundle generation complete. [0.482 seconds]

Page reload sent to client(s).
Initial chunk files | Names                | Raw size
main.js             | main                 | 23.76 kB | 

Lazy chunk files    | Names                | Raw size
chunk-EYUJMXBL.js   | attendance-component | 31.39 kB | 

Application bundle generation complete. [0.471 seconds]

Page reload sent to client(s).
Initial chunk files | Names                | Raw size
main.js             | main                 | 23.76 kB | 

Lazy chunk files    | Names                | Raw size
chunk-FGTXOLXW.js   | attendance-component | 31.98 kB | 

Application bundle generation complete. [0.779 seconds]

Page reload sent to client(s).
Initial chunk files | Names                | Raw size
main.js             | main                 | 23.76 kB | 

Lazy chunk files    | Names                | Raw size
chunk-6NYMU4WM.js   | attendance-component | 32.25 kB | 

Application bundle generation complete. [0.517 seconds]

Page reload sent to client(s).
Initial chunk files | Names                | Raw size
main.js             | main                 | 23.76 kB | 

Lazy chunk files    | Names                | Raw size
chunk-HAQPJVVW.js   | attendance-component | 32.28 kB | 

Application bundle generation complete. [0.414 seconds]

Page reload sent to client(s).
Initial chunk files | Names                | Raw size
main.js             | main                 | 23.76 kB | 

Lazy chunk files    | Names                | Raw size
chunk-QUOEXCUJ.js   | attendance-component | 36.15 kB | 

Application bundle generation complete. [0.918 seconds]

Page reload sent to client(s).
Initial chunk files | Names                | Raw size
main.js             | main                 | 23.76 kB | 

Lazy chunk files    | Names                | Raw size
chunk-3NXZRO3S.js   | attendance-component | 38.94 kB | 

Application bundle generation complete. [1.028 seconds]

Page reload sent to client(s).
Initial chunk files | Names                | Raw size
main.js             | main                 | 23.76 kB | 

Lazy chunk files    | Names                | Raw size
chunk-VSZIJNCH.js   | attendance-component | 39.05 kB | 

Application bundle generation complete. [0.649 seconds]

Page reload sent to client(s).
Initial chunk files | Names                | Raw size
main.js             | main                 | 23.76 kB | 

Lazy chunk files    | Names                | Raw size
chunk-BMSNLNEV.js   | attendance-component | 36.70 kB | 

Application bundle generation complete. [0.870 seconds]

Page reload sent to client(s).
Initial chunk files | Names                | Raw size
main.js             | main                 | 23.76 kB | 

Lazy chunk files    | Names                | Raw size
chunk-2FBMICMR.js   | attendance-component | 36.58 kB | 

Application bundle generation complete. [0.394 seconds]

Page reload sent to client(s).
Initial chunk files | Names                | Raw size
main.js             | main                 | 23.76 kB | 

Lazy chunk files    | Names                | Raw size
chunk-O223KWXE.js   | attendance-component | 37.94 kB | 

Application bundle generation complete. [0.781 seconds]

Page reload sent to client(s).
Initial chunk files | Names                | Raw size
main.js             | main                 | 23.76 kB | 

Lazy chunk files    | Names                | Raw size
chunk-XMVUMUFJ.js   | attendance-component | 39.43 kB | 

Application bundle generation complete. [0.440 seconds]

Page reload sent to client(s).
Initial chunk files | Names                | Raw size
main.js             | main                 | 23.76 kB | 

Lazy chunk files    | Names                | Raw size
chunk-Z5BTEOE7.js   | attendance-component | 39.63 kB | 

Application bundle generation complete. [0.474 seconds]

Page reload sent to client(s).
Initial chunk files | Names                | Raw size
main.js             | main                 | 23.76 kB | 

Lazy chunk files    | Names                | Raw size
chunk-CN5G73XZ.js   | attendance-component | 39.83 kB | 

Application bundle generation complete. [0.501 seconds]

Page reload sent to client(s).
Initial chunk files | Names                | Raw size
main.js             | main                 | 23.76 kB | 

Lazy chunk files    | Names                | Raw size
chunk-RTRQZMGL.js   | attendance-component | 39.91 kB | 

Application bundle generation complete. [0.630 seconds]

Page reload sent to client(s).
